.next/types/validator.ts(150,39): error TS2307: Cannot find module '../../src/app/laptops/[id]/page.js' or its corresponding type declarations.
src/app/admin/laptops/form-page.tsx(98,5): error TS2322: Type 'Resolver<{ title: string; brand: string; model: string; price: unknown; stock: unknown; shortDescription?: string | undefined; description?: string | undefined; cpu?: string | undefined; ram?: string | undefined; ... 5 more ...; isPublished?: boolean | undefined; }, any, { ...; }>' is not assignable to type 'Resolver<{ title: string; brand: string; model: string; price: number; stock: number; isPublished: boolean; shortDescription?: string | undefined; description?: string | undefined; cpu?: string | undefined; ... 5 more ...; categoryId?: string | undefined; }, any, { ...; }>'.
  Types of parameters 'options' and 'options' are incompatible.
    Type 'ResolverOptions<{ title: string; brand: string; model: string; price: number; stock: number; isPublished: boolean; shortDescription?: string | undefined; description?: string | undefined; cpu?: string | undefined; ... 5 more ...; categoryId?: string | undefined; }>' is not assignable to type 'ResolverOptions<{ title: string; brand: string; model: string; price: unknown; stock: unknown; shortDescription?: string | undefined; description?: string | undefined; cpu?: string | undefined; ram?: string | undefined; ... 5 more ...; isPublished?: boolean | undefined; }>'.
      Type 'unknown' is not assignable to type 'number'.
src/app/admin/laptops/form-page.tsx(309,60): error TS2345: Argument of type 'TFieldValues' is not assignable to parameter of type '{ title: string; brand: string; model: string; price: number; stock: number; isPublished: boolean; shortDescription?: string | undefined; description?: string | undefined; cpu?: string | undefined; ... 5 more ...; categoryId?: string | undefined; }'.
  Type 'FieldValues' is missing the following properties from type '{ title: string; brand: string; model: string; price: number; stock: number; isPublished: boolean; shortDescription?: string | undefined; description?: string | undefined; cpu?: string | undefined; ... 5 more ...; categoryId?: string | undefined; }': title, brand, model, price, and 2 more.
